/home/runner/work/relay-lm/relay-lm/relaylm/soul_lab_observation_projection.py:70: UserWarning: Field name "schema" in "LabLastRunProjection" shadows an attribute in parent "_ExactModel"
  class LabLastRunProjection(_ExactModel):
/home/runner/work/relay-lm/relay-lm/relaylm/soul_lab_observation_projection.py:97: UserWarning: Field name "schema" in "LabRecentMemoryProjection" shadows an attribute in parent "_ExactModel"
  class LabRecentMemoryProjection(_ExactModel):
/home/runner/work/relay-lm/relay-lm/relaylm/soul_lab_observation_projection.py:111: UserWarning: Field name "schema" in "LabMemoryHeldProjection" shadows an attribute in parent "_ExactModel"
  class LabMemoryHeldProjection(_ExactModel):
/home/runner/work/relay-lm/relay-lm/relaylm/soul_lab_observation_projection.py:125: UserWarning: Field name "schema" in "LabMemoryUsedProjection" shadows an attribute in parent "_ExactModel"
  class LabMemoryUsedProjection(_ExactModel):
/opt/hostedtoolcache/Python/3.12.13/x64/lib/python3.12/site-packages/fastapi/testclient.py:1: StarletteDeprecationWarning: Using `httpx` with `starlette.testclient` is deprecated; install `httpx2` instead.
  from starlette.testclient import TestClient as TestClient  # noqa
Traceback (most recent call last):
  File "/home/runner/work/relay-lm/relay-lm/relaylm/_relaymem_primary_forget_impl.py", line 324, in _resolve
    return resolve_primary_current_state(
           ^^^^^^^^^^^^^^^^^^^^^^^^^^^^^^
  File "/home/runner/work/relay-lm/relay-lm/relaylm/relaymem_primary_current_state.py", line 55, in resolve_primary_current_state
    raise PrimaryCurrentStateError("stale_revision")
relaylm._relaymem_primary_current_state_impl.PrimaryCurrentStateError: stale_revision

The above exception was the direct cause of the following exception:

Traceback (most recent call last):
  File "/home/runner/work/relay-lm/relay-lm/scripts/relaylm_phase_i4c2_primary_forget_recovery_smoke.py", line 262, in <module>
    main()
  File "/home/runner/work/relay-lm/relay-lm/scripts/relaylm_phase_i4c2_primary_forget_recovery_smoke.py", line 255, in main
    normal_and_replay()
  File "/home/runner/work/relay-lm/relay-lm/scripts/relaylm_phase_i4c2_primary_forget_recovery_smoke.py", line 158, in normal_and_replay
    already_hidden = apply(
                     ^^^^^^
  File "/home/runner/work/relay-lm/relay-lm/scripts/relaylm_phase_i4c2_primary_forget_recovery_smoke.py", line 51, in apply
    return apply_primary_memory_forget(
           ^^^^^^^^^^^^^^^^^^^^^^^^^^^^
  File "/home/runner/work/relay-lm/relay-lm/relaylm/relaymem_primary_forget_recovery.py", line 245, in apply_primary_memory_forget
    apply_primary_memory_forget_hidden_successor(
  File "/home/runner/work/relay-lm/relay-lm/relaylm/relaymem_primary_forget_commit.py", line 203, in apply_primary_memory_forget_hidden_successor
    claims = _validate_and_decode_token(
             ^^^^^^^^^^^^^^^^^^^^^^^^^^^
  File "/home/runner/work/relay-lm/relay-lm/relaylm/relaymem_primary_forget_commit.py", line 544, in _validate_and_decode_token
    validate_primary_memory_forget_token(
  File "/home/runner/work/relay-lm/relay-lm/relaylm/relaymem_primary_forget.py", line 69, in validate_primary_memory_forget_token
    return _impl.validate_primary_memory_forget_token(
           ^^^^^^^^^^^^^^^^^^^^^^^^^^^^^^^^^^^^^^^^^^^
  File "/home/runner/work/relay-lm/relay-lm/relaylm/_relaymem_primary_forget_impl.py", line 250, in validate_primary_memory_forget_token
    current = _resolve(
              ^^^^^^^^^
  File "/home/runner/work/relay-lm/relay-lm/relaylm/_relaymem_primary_forget_impl.py", line 331, in _resolve
    raise PrimaryForgetError(_map_error(exc.code)) from exc
relaylm._relaymem_primary_forget_impl.PrimaryForgetError: stale_revision
exit_status=1
